 ======================>     TALLY 1: PIN_POWER     <=======================

 Mesh Index (1, 1)
   Total Material
     Fission Rate                         0 +/- 0
 Mesh Index (2, 1)
   Total Material
     Fission Rate                         0 +/- 0
 Mesh Index (3, 1)
   Total Material
     Fission Rate                         0 +/- 0
 Mesh Index (4, 1)
   Total Material
     Fission Rate                         0 +/- 0
 Mesh Index (5, 1)
   Total Material
     Fission Rate                         0 +/- 0
 Mesh Index (6, 1)
   Total Material
     Fission Rate                         0 +/- 0
 Mesh Index (7, 1)
   Total Material
     Fission Rate                         0 +/- 0
 Mesh Index (8, 1)
   Total Material
     Fission Rate                         0 +/- 0
 Mesh Index (9, 1)
   Total Material
     Fission Rate                         0 +/- 0
 Mesh Index (10, 1)
   Total Material
     Fission Rate                         0 +/- 0
 Mesh Index (11, 1)
   Total Material
     Fission Rate                         0 +/- 0
 Mesh Index (12, 1)
   Total Material
     Fission Rate                         0 +/- 0
 Mesh Index (13, 1)
   Total Material
     Fission Rate                         0 +/- 0
 Mesh Index (14, 1)
   Total Material
     Fission Rate                         0 +/- 0
 Mesh Index (15, 1)
   Total Material
     Fission Rate                         0 +/- 0
 Mesh Index (16, 1)
   Total Material
     Fission Rate                         0 +/- 0
 Mesh Index (17, 1)
   Total Material
     Fission Rate                         0 +/- 0
 Mesh Index (1, 2)
   Total Material
     Fission Rate                         0 +/- 0
 Mesh Index (2, 2)
   Total Material
     Fission Rate                         0 +/- 0
 Mesh Index (3, 2)
   Total Material
     Fission Rate                         0 +/- 0
 Mesh Index (4, 2)
   Total Material
     Fission Rate                         0 +/- 0
 Mesh Index (5, 2)
   Total Material
     Fission Rate                         0 +/- 0
 Mesh Index (6, 2)
   Total Material
     Fission Rate                         0.00233603 +/- 0.000490167
 Mesh Index (7, 2)
   Total Material
     Fission Rate                         0.00148472 +/- 0.000333414
 Mesh Index (8, 2)
   Total Material
     Fission Rate                         0.000814693 +/- 0.000288688
 Mesh Index (9, 2)
   Total Material
     Fission Rate                         0.00067931 +/- 0.000235146
 Mesh Index (10, 2)
   Total Material
     Fission Rate                         0.000598355 +/- 0.000215608
 Mesh Index (11, 2)
   Total Material
     Fission Rate                         0.000475512 +/- 0.000179308
 Mesh Index (12, 2)
   Total Material
     Fission Rate                         9.47429e-05 +/- 6.17379e-05
 Mesh Index (13, 2)
   Total Material
     Fission Rate                         0 +/- 0
 Mesh Index (14, 2)
   Total Material
     Fission Rate                         0 +/- 0
 Mesh Index (15, 2)
   Total Material
     Fission Rate                         0 +/- 0
 Mesh Index (16, 2)
   Total Material
     Fission Rate                         0 +/- 0
 Mesh Index (17, 2)
   Total Material
     Fission Rate                         0 +/- 0
 Mesh Index (1, 3)
   Total Material
     Fission Rate                         0 +/- 0
 Mesh Index (2, 3)
   Total Material
     Fission Rate                         0 +/- 0
 Mesh Index (3, 3)
   Total Material
     Fission Rate                         0 +/- 0
 Mesh Index (4, 3)
   Total Material
     Fission Rate                         0.000859368 +/- 0.000210811
 Mesh Index (5, 3)
   Total Material
     Fission Rate                         0.00128579 +/- 0.000298132
 Mesh Index (6, 3)
   Total Material
     Fission Rate                         0.0024568 +/- 0.000333224
 Mesh Index (7, 3)
   Total Material
     Fission Rate                         0.00159009 +/- 0.000403902
 Mesh Index (8, 3)
   Total Material
     Fission Rate                         0.00113239 +/- 0.000299759
 Mesh Index (9, 3)
   Total Material
     Fission Rate                         0.00176693 +/- 0.000331826
 Mesh Index (10, 3)
   Total Material
     Fission Rate                         0.000996286 +/- 0.000250114
 Mesh Index (11, 3)
   Total Material
     Fission Rate                         0.00112963 +/- 0.000301964
 Mesh Index (12, 3)
   Total Material
     Fission Rate                         0.000337918 +/- 0.000114633
 Mesh Index (13, 3)
   Total Material
     Fission Rate                         0.00079324 +/- 0.000196749
 Mesh Index (14, 3)
   Total Material
     Fission Rate                         0.000438405 +/- 0.000210623
 Mesh Index (15, 3)
   Total Material
     Fission Rate                         0 +/- 0
 Mesh Index (16, 3)
   Total Material
     Fission Rate                         0 +/- 0
 Mesh Index (17, 3)
   Total Material
     Fission Rate                         0 +/- 0
 Mesh Index (1, 4)
   Total Material
     Fission Rate                         0 +/- 0
 Mesh Index (2, 4)
   Total Material
     Fission Rate                         0 +/- 0
 Mesh Index (3, 4)
   Total Material
     Fission Rate                         0.000720005 +/- 0.000202512
 Mesh Index (4, 4)
   Total Material
     Fission Rate                         0.00145352 +/- 0.000304627
 Mesh Index (5, 4)
   Total Material
     Fission Rate                         0.00235468 +/- 0.000411234
 Mesh Index (6, 4)
   Total Material
     Fission Rate                         0.00237346 +/- 0.000319744
 Mesh Index (7, 4)
   Total Material
     Fission Rate                         0.00214283 +/- 0.00034126
 Mesh Index (8, 4)
   Total Material
     Fission Rate                         0.00198594 +/- 0.000346316
 Mesh Index (9, 4)
   Total Material
     Fission Rate                         0.00196672 +/- 0.000392413
 Mesh Index (10, 4)
   Total Material
     Fission Rate                         0.00124275 +/- 0.0002759
 Mesh Index (11, 4)
   Total Material
     Fission Rate                         0.000956909 +/- 0.00032341
 Mesh Index (12, 4)
   Total Material
     Fission Rate                         0.000351801 +/- 0.000129392
 Mesh Index (13, 4)
   Total Material
     Fission Rate                         0.000180465 +/- 6.14213e-05
 Mesh Index (14, 4)
   Total Material
     Fission Rate                         0.000152215 +/- 7.71391e-05
 Mesh Index (15, 4)
   Total Material
     Fission Rate                         0.000288895 +/- 0.000178928
 Mesh Index (16, 4)
   Total Material
     Fission Rate                         0 +/- 0
 Mesh Index (17, 4)
   Total Material
     Fission Rate                         0 +/- 0
 Mesh Index (1, 5)
   Total Material
     Fission Rate                         0 +/- 0
 Mesh Index (2, 5)
   Total Material
     Fission Rate                         0 +/- 0
 Mesh Index (3, 5)
   Total Material
     Fission Rate                         0.00133938 +/- 0.000367086
 Mesh Index (4, 5)
   Total Material
     Fission Rate                         0.000996282 +/- 0.000248067
 Mesh Index (5, 5)
   Total Material
     Fission Rate                         0.00181314 +/- 0.000291238
 Mesh Index (6, 5)
   Total Material
     Fission Rate                         0.00383912 +/- 0.000567769
 Mesh Index (7, 5)
   Total Material
     Fission Rate                         0.00318078 +/- 0.000490345
 Mesh Index (8, 5)
   Total Material
     Fission Rate                         0.00200909 +/- 0.000376627
 Mesh Index (9, 5)
   Total Material
     Fission Rate                         0.00230492 +/- 0.000356558
 Mesh Index (10, 5)
   Total Material
     Fission Rate                         0.00180355 +/- 0.000395746
 Mesh Index (11, 5)
   Total Material
     Fission Rate                         0.00186196 +/- 0.000416547
 Mesh Index (12, 5)
   Total Material
     Fission Rate                         0.000557596 +/- 0.000182729
 Mesh Index (13, 5)
   Total Material
     Fission Rate                         0.000182818 +/- 6.93246e-05
 Mesh Index (14, 5)
   Total Material
     Fission Rate                         0.0001866 +/- 0.000103074
 Mesh Index (15, 5)
   Total Material
     Fission Rate                         0.000641641 +/- 0.00029663
 Mesh Index (16, 5)
   Total Material
     Fission Rate                         0 +/- 0
 Mesh Index (17, 5)
   Total Material
     Fission Rate                         0 +/- 0
 Mesh Index (1, 6)
   Total Material
     Fission Rate                         0 +/- 0
 Mesh Index (2, 6)
   Total Material
     Fission Rate                         0.000883838 +/- 0.000271998
 Mesh Index (3, 6)
   Total Material
     Fission Rate                         0.00263958 +/- 0.000406496
 Mesh Index (4, 6)
   Total Material
     Fission Rate                         0.00170255 +/- 0.000311267
 Mesh Index (5, 6)
   Total Material
     Fission Rate                         0.00342173 +/- 0.000477971
 Mesh Index (6, 6)
   Total Material
     Fission Rate                         0.00391187 +/- 0.000472526
 Mesh Index (7, 6)
   Total Material
     Fission Rate                         0.00325592 +/- 0.000535247
 Mesh Index (8, 6)
   Total Material
     Fission Rate                         0.00311119 +/- 0.000411374
 Mesh Index (9, 6)
   Total Material
     Fission Rate                         0.00400766 +/- 0.000515215
 Mesh Index (10, 6)
   Total Material
     Fission Rate                         0.00197012 +/- 0.00043265
 Mesh Index (11, 6)
   Total Material
     Fission Rate                         0.0022467 +/- 0.000349878
 Mesh Index (12, 6)
   Total Material
     Fission Rate                         0.00139049 +/- 0.000281341
 Mesh Index (13, 6)
   Total Material
     Fission Rate                         0.000468569 +/- 0.00020748
 Mesh Index (14, 6)
   Total Material
     Fission Rate                         0.00022202 +/- 9.94483e-05
 Mesh Index (15, 6)
   Total Material
     Fission Rate                         0.000212438 +/- 0.000109444
 Mesh Index (16, 6)
   Total Material
     Fission Rate                         0 +/- 0
 Mesh Index (17, 6)
   Total Material
     Fission Rate                         0 +/- 0
 Mesh Index (1, 7)
   Total Material
     Fission Rate                         0 +/- 0
 Mesh Index (2, 7)
   Total Material
     Fission Rate                         0.00103355 +/- 0.000293933
 Mesh Index (3, 7)
   Total Material
     Fission Rate                         0.0021708 +/- 0.000341123
 Mesh Index (4, 7)
   Total Material
     Fission Rate                         0.0021513 +/- 0.000414095
 Mesh Index (5, 7)
   Total Material
     Fission Rate                         0.00234784 +/- 0.000350767
 Mesh Index (6, 7)
   Total Material
     Fission Rate                         0.00228274 +/- 0.000323552
 Mesh Index (7, 7)
   Total Material
     Fission Rate                         0.00321056 +/- 0.000454798
 Mesh Index (8, 7)
   Total Material
     Fission Rate                         0.00581343 +/- 0.000660317
 Mesh Index (9, 7)
   Total Material
     Fission Rate                         0.00469752 +/- 0.000576222
 Mesh Index (10, 7)
   Total Material
     Fission Rate                         0.00231352 +/- 0.000397435
 Mesh Index (11, 7)
   Total Material
     Fission Rate                         0.0023206 +/- 0.000307729
 Mesh Index (12, 7)
   Total Material
     Fission Rate                         0.00176622 +/- 0.000348955
 Mesh Index (13, 7)
   Total Material
     Fission Rate                         0.00147592 +/- 0.000326461
 Mesh Index (14, 7)
   Total Material
     Fission Rate                         0.00105681 +/- 0.000282138
 Mesh Index (15, 7)
   Total Material
     Fission Rate                         0.00078863 +/- 0.000222345
 Mesh Index (16, 7)
   Total Material
     Fission Rate                         0.000138368 +/- 0.00010539
 Mesh Index (17, 7)
   Total Material
     Fission Rate                         0 +/- 0
 Mesh Index (1, 8)
   Total Material
     Fission Rate                         0 +/- 0
 Mesh Index (2, 8)
   Total Material
     Fission Rate                         0.000746466 +/- 0.000200119
 Mesh Index (3, 8)
   Total Material
     Fission Rate                         0.000931882 +/- 0.000236238
 Mesh Index (4, 8)
   Total Material
     Fission Rate                         0.000978751 +/- 0.000246294
 Mesh Index (5, 8)
   Total Material
     Fission Rate                         0.00195788 +/- 0.000365664
 Mesh Index (6, 8)
   Total Material
     Fission Rate                         0.00257042 +/- 0.00041414
 Mesh Index (7, 8)
   Total Material
     Fission Rate                         0.00290584 +/- 0.000423793
 Mesh Index (8, 8)
   Total Material
     Fission Rate                         0.00470841 +/- 0.000740813
 Mesh Index (9, 8)
   Total Material
     Fission Rate                         0.00524328 +/- 0.000656668
 Mesh Index (10, 8)
   Total Material
     Fission Rate                         0.00450218 +/- 0.000532866
 Mesh Index (11, 8)
   Total Material
     Fission Rate                         0.00356096 +/- 0.00053044
 Mesh Index (12, 8)
   Total Material
     Fission Rate                         0.00376527 +/- 0.000512508
 Mesh Index (13, 8)
   Total Material
     Fission Rate                         0.00374683 +/- 0.0006656
 Mesh Index (14, 8)
   Total Material
     Fission Rate                         0.00153496 +/- 0.000298757
 Mesh Index (15, 8)
   Total Material
     Fission Rate                         0.000903014 +/- 0.000212637
 Mesh Index (16, 8)
   Total Material
     Fission Rate                         0.000431932 +/- 0.000213133
 Mesh Index (17, 8)
   Total Material
     Fission Rate                         0 +/- 0
 Mesh Index (1, 9)
   Total Material
     Fission Rate                         0 +/- 0
 Mesh Index (2, 9)
   Total Material
     Fission Rate                         0.001573 +/- 0.000312076
 Mesh Index (3, 9)
   Total Material
     Fission Rate                         0.00214317 +/- 0.000509079
 Mesh Index (4, 9)
   Total Material
     Fission Rate                         0.00136 +/- 0.000249416
 Mesh Index (5, 9)
   Total Material
     Fission Rate                         0.00281078 +/- 0.000468322
 Mesh Index (6, 9)
   Total Material
     Fission Rate                         0.00279737 +/- 0.000426181
 Mesh Index (7, 9)
   Total Material
     Fission Rate                         0.00412362 +/- 0.000555564
 Mesh Index (8, 9)
   Total Material
     Fission Rate                         0.00365509 +/- 0.000520271
 Mesh Index (9, 9)
   Total Material
     Fission Rate                         0.00411824 +/- 0.0005
 Mesh Index (10, 9)
   Total Material
     Fission Rate                         0.00542999 +/- 0.00061127
 Mesh Index (11, 9)
   Total Material
     Fission Rate                         0.00452283 +/- 0.000578456
 Mesh Index (12, 9)
   Total Material
     Fission Rate                         0.00573731 +/- 0.000860626
 Mesh Index (13, 9)
   Total Material
     Fission Rate                         0.00443803 +/- 0.000679858
 Mesh Index (14, 9)
   Total Material
     Fission Rate                         0.00183792 +/- 0.000392278
 Mesh Index (15, 9)
   Total Material
     Fission Rate                         0.000994762 +/- 0.00042393
 Mesh Index (16, 9)
   Total Material
     Fission Rate                         0.000408998 +/- 0.000126192
 Mesh Index (17, 9)
   Total Material
     Fission Rate                         0 +/- 0
 Mesh Index (1, 10)
   Total Material
     Fission Rate                         0 +/- 0
 Mesh Index (2, 10)
   Total Material
     Fission Rate                         0.00097464 +/- 0.000259305
 Mesh Index (3, 10)
   Total Material
     Fission Rate                         0.00216615 +/- 0.000405728
 Mesh Index (4, 10)
   Total Material
     Fission Rate                         0.00269744 +/- 0.000544918
 Mesh Index (5, 10)
   Total Material
     Fission Rate                         0.0040689 +/- 0.000636851
 Mesh Index (6, 10)
   Total Material
     Fission Rate                         0.00298933 +/- 0.000490448
 Mesh Index (7, 10)
   Total Material
     Fission Rate                         0.00435554 +/- 0.000419459
 Mesh Index (8, 10)
   Total Material
     Fission Rate                         0.00492946 +/- 0.0007511
 Mesh Index (9, 10)
   Total Material
     Fission Rate                         0.00485148 +/- 0.000702992
 Mesh Index (10, 10)
   Total Material
     Fission Rate                         0.00628022 +/- 0.000734417
 Mesh Index (11, 10)
   Total Material
     Fission Rate                         0.00577254 +/- 0.000735067
 Mesh Index (12, 10)
   Total Material
     Fission Rate                         0.00588156 +/- 0.000592407
 Mesh Index (13, 10)
   Total Material
     Fission Rate                         0.00485752 +/- 0.000486817
 Mesh Index (14, 10)
   Total Material
     Fission Rate                         0.00272651 +/- 0.00042392
 Mesh Index (15, 10)
   Total Material
     Fission Rate                         0.00156023 +/- 0.000458354
 Mesh Index (16, 10)
   Total Material
     Fission Rate                         0.000359305 +/- 0.000167921
 Mesh Index (17, 10)
   Total Material
     Fission Rate                         0 +/- 0
 Mesh Index (1, 11)
   Total Material
     Fission Rate                         0 +/- 0
 Mesh Index (2, 11)
   Total Material
     Fission Rate                         0.000258136 +/- 0.000145804
 Mesh Index (3, 11)
   Total Material
     Fission Rate                         0.000477269 +/- 0.000132704
 Mesh Index (4, 11)
   Total Material
     Fission Rate                         0.00191349 +/- 0.000404041
 Mesh Index (5, 11)
   Total Material
     Fission Rate                         0.00381984 +/- 0.000741145
 Mesh Index (6, 11)
   Total Material
     Fission Rate                         0.00487872 +/- 0.000540391
 Mesh Index (7, 11)
   Total Material
     Fission Rate                         0.00866461 +/- 0.000794526
 Mesh Index (8, 11)
   Total Material
     Fission Rate                         0.00859022 +/- 0.000771325
 Mesh Index (9, 11)
   Total Material
     Fission Rate                         0.00711567 +/- 0.000706846
 Mesh Index (10, 11)
   Total Material
     Fission Rate                         0.00594962 +/- 0.000540591
 Mesh Index (11, 11)
   Total Material
     Fission Rate                         0.00651553 +/- 0.000726419
 Mesh Index (12, 11)
   Total Material
     Fission Rate                         0.00641576 +/- 0.000695835
 Mesh Index (13, 11)
   Total Material
     Fission Rate                         0.00355885 +/- 0.000408223
 Mesh Index (14, 11)
   Total Material
     Fission Rate                         0.00173531 +/- 0.000377343
 Mesh Index (15, 11)
   Total Material
     Fission Rate                         0.000811945 +/- 0.000191994
 Mesh Index (16, 11)
   Total Material
     Fission Rate                         0.000172521 +/- 8.551e-05
 Mesh Index (17, 11)
   Total Material
     Fission Rate                         0 +/- 0
 Mesh Index (1, 12)
   Total Material
     Fission Rate                         0 +/- 0
 Mesh Index (2, 12)
   Total Material
     Fission Rate                         1.63562e-05 +/- 1.31448e-05
 Mesh Index (3, 12)
   Total Material
     Fission Rate                         0.00048485 +/- 0.000164179
 Mesh Index (4, 12)
   Total Material
     Fission Rate                         0.00105785 +/- 0.00026328
 Mesh Index (5, 12)
   Total Material
     Fission Rate                         0.00186806 +/- 0.000410021
 Mesh Index (6, 12)
   Total Material
     Fission Rate                         0.00314686 +/- 0.000411485
 Mesh Index (7, 12)
   Total Material
     Fission Rate                         0.00734955 +/- 0.000467083
 Mesh Index (8, 12)
   Total Material
     Fission Rate                         0.00823578 +/- 0.000670853
 Mesh Index (9, 12)
   Total Material
     Fission Rate                         0.00552448 +/- 0.000635704
 Mesh Index (10, 12)
   Total Material
     Fission Rate                         0.00468272 +/- 0.000414463
 Mesh Index (11, 12)
   Total Material
     Fission Rate                         0.00462236 +/- 0.000482806
 Mesh Index (12, 12)
   Total Material
     Fission Rate                         0.00296438 +/- 0.000347321
 Mesh Index (13, 12)
   Total Material
     Fission Rate                         0.00209089 +/- 0.000320311
 Mesh Index (14, 12)
   Total Material
     Fission Rate                         0.00155014 +/- 0.000349261
 Mesh Index (15, 12)
   Total Material
     Fission Rate                         0.000792852 +/- 0.000209204
 Mesh Index (16, 12)
   Total Material
     Fission Rate                         0.000327971 +/- 0.000153127
 Mesh Index (17, 12)
   Total Material
     Fission Rate                         0 +/- 0
 Mesh Index (1, 13)
   Total Material
     Fission Rate                         0 +/- 0
 Mesh Index (2, 13)
   Total Material
     Fission Rate                         0 +/- 0
 Mesh Index (3, 13)
   Total Material
     Fission Rate                         0.0010304 +/- 0.00039341
 Mesh Index (4, 13)
   Total Material
     Fission Rate                         0.00110285 +/- 0.000300065
 Mesh Index (5, 13)
   Total Material
     Fission Rate                         0.00121213 +/- 0.000248436
 Mesh Index (6, 13)
   Total Material
     Fission Rate                         0.00177238 +/- 0.000373838
 Mesh Index (7, 13)
   Total Material
     Fission Rate                         0.00377039 +/- 0.000602923
 Mesh Index (8, 13)
   Total Material
     Fission Rate                         0.00517267 +/- 0.000710049
 Mesh Index (9, 13)
   Total Material
     Fission Rate                         0.00357916 +/- 0.000547104
 Mesh Index (10, 13)
   Total Material
     Fission Rate                         0.00223235 +/- 0.000365006
 Mesh Index (11, 13)
   Total Material
     Fission Rate                         0.0016735 +/- 0.000304427
 Mesh Index (12, 13)
   Total Material
     Fission Rate                         0.00133451 +/- 0.000297244
 Mesh Index (13, 13)
   Total Material
     Fission Rate                         0.000660786 +/- 0.00025122
 Mesh Index (14, 13)
   Total Material
     Fission Rate                         0.000587671 +/- 0.000155837
 Mesh Index (15, 13)
   Total Material
     Fission Rate                         0.000784836 +/- 0.000265533
 Mesh Index (16, 13)
   Total Material
     Fission Rate                         0 +/- 0
 Mesh Index (17, 13)
   Total Material
     Fission Rate                         0 +/- 0
 Mesh Index (1, 14)
   Total Material
     Fission Rate                         0 +/- 0
 Mesh Index (2, 14)
   Total Material
     Fission Rate                         0 +/- 0
 Mesh Index (3, 14)
   Total Material
     Fission Rate                         0.000289363 +/- 0.000148364
 Mesh Index (4, 14)
   Total Material
     Fission Rate                         0.000884737 +/- 0.000289557
 Mesh Index (5, 14)
   Total Material
     Fission Rate                         0.000785046 +/- 0.000193872
 Mesh Index (6, 14)
   Total Material
     Fission Rate                         0.000850028 +/- 0.000179416
 Mesh Index (7, 14)
   Total Material
     Fission Rate                         0.00193918 +/- 0.000433946
 Mesh Index (8, 14)
   Total Material
     Fission Rate                         0.00251977 +/- 0.000433812
 Mesh Index (9, 14)
   Total Material
     Fission Rate                         0.00240514 +/- 0.000332942
 Mesh Index (10, 14)
   Total Material
     Fission Rate                         0.00210389 +/- 0.000395139
 Mesh Index (11, 14)
   Total Material
     Fission Rate                         0.00101276 +/- 0.00021268
 Mesh Index (12, 14)
   Total Material
     Fission Rate                         0.000514134 +/- 0.000158866
 Mesh Index (13, 14)
   Total Material
     Fission Rate                         0.000181905 +/- 9.54141e-05
 Mesh Index (14, 14)
   Total Material
     Fission Rate                         0.000324633 +/- 0.000113942
 Mesh Index (15, 14)
   Total Material
     Fission Rate                         0.000309015 +/- 0.000122396
 Mesh Index (16, 14)
   Total Material
     Fission Rate                         0 +/- 0
 Mesh Index (17, 14)
   Total Material
     Fission Rate                         0 +/- 0
 Mesh Index (1, 15)
   Total Material
     Fission Rate                         0 +/- 0
 Mesh Index (2, 15)
   Total Material
     Fission Rate                         0 +/- 0
 Mesh Index (3, 15)
   Total Material
     Fission Rate                         0 +/- 0
 Mesh Index (4, 15)
   Total Material
     Fission Rate                         0.000237368 +/- 0.000137346
 Mesh Index (5, 15)
   Total Material
     Fission Rate                         0.000425538 +/- 0.000124182
 Mesh Index (6, 15)
   Total Material
     Fission Rate                         0.0015792 +/- 0.000458867
 Mesh Index (7, 15)
   Total Material
     Fission Rate                         0.00102778 +/- 0.000268868
 Mesh Index (8, 15)
   Total Material
     Fission Rate                         0.000713858 +/- 0.000236192
 Mesh Index (9, 15)
   Total Material
     Fission Rate                         0.00144649 +/- 0.000353705
 Mesh Index (10, 15)
   Total Material
     Fission Rate                         0.000587491 +/- 0.000196397
 Mesh Index (11, 15)
   Total Material
     Fission Rate                         0.000373462 +/- 0.000137324
 Mesh Index (12, 15)
   Total Material
     Fission Rate                         7.50036e-05 +/- 4.71584e-05
 Mesh Index (13, 15)
   Total Material
     Fission Rate                         7.30227e-06 +/- 6.69166e-06
 Mesh Index (14, 15)
   Total Material
     Fission Rate                         1.072e-05 +/- 9.9358e-06
 Mesh Index (15, 15)
   Total Material
     Fission Rate                         0 +/- 0
 Mesh Index (16, 15)
   Total Material
     Fission Rate                         0 +/- 0
 Mesh Index (17, 15)
   Total Material
     Fission Rate                         0 +/- 0
 Mesh Index (1, 16)
   Total Material
     Fission Rate                         0 +/- 0
 Mesh Index (2, 16)
   Total Material
     Fission Rate                         0 +/- 0
 Mesh Index (3, 16)
   Total Material
     Fission Rate                         0 +/- 0
 Mesh Index (4, 16)
   Total Material
     Fission Rate                         0 +/- 0
 Mesh Index (5, 16)
   Total Material
     Fission Rate                         0 +/- 0
 Mesh Index (6, 16)
   Total Material
     Fission Rate                         0.00112678 +/- 0.000234204
 Mesh Index (7, 16)
   Total Material
     Fission Rate                         0.00103468 +/- 0.000231295
 Mesh Index (8, 16)
   Total Material
     Fission Rate                         0.000524914 +/- 0.000229443
 Mesh Index (9, 16)
   Total Material
     Fission Rate                         0.000575156 +/- 0.000302042
 Mesh Index (10, 16)
   Total Material
     Fission Rate                         0.00012278 +/- 7.1724e-05
 Mesh Index (11, 16)
   Total Material
     Fission Rate                         0.000109011 +/- 7.13247e-05
 Mesh Index (12, 16)
   Total Material
     Fission Rate                         0 +/- 0
 Mesh Index (13, 16)
   Total Material
     Fission Rate                         0 +/- 0
 Mesh Index (14, 16)
   Total Material
     Fission Rate                         0 +/- 0
 Mesh Index (15, 16)
   Total Material
     Fission Rate                         0 +/- 0
 Mesh Index (16, 16)
   Total Material
     Fission Rate                         0 +/- 0
 Mesh Index (17, 16)
   Total Material
     Fission Rate                         0 +/- 0
 Mesh Index (1, 17)
   Total Material
     Fission Rate                         0 +/- 0
 Mesh Index (2, 17)
   Total Material
     Fission Rate                         0 +/- 0
 Mesh Index (3, 17)
   Total Material
     Fission Rate                         0 +/- 0
 Mesh Index (4, 17)
   Total Material
     Fission Rate                         0 +/- 0
 Mesh Index (5, 17)
   Total Material
     Fission Rate                         0 +/- 0
 Mesh Index (6, 17)
   Total Material
     Fission Rate                         0 +/- 0
 Mesh Index (7, 17)
   Total Material
     Fission Rate                         0 +/- 0
 Mesh Index (8, 17)
   Total Material
     Fission Rate                         0 +/- 0
 Mesh Index (9, 17)
   Total Material
     Fission Rate                         0 +/- 0
 Mesh Index (10, 17)
   Total Material
     Fission Rate                         0 +/- 0
 Mesh Index (11, 17)
   Total Material
     Fission Rate                         0 +/- 0
 Mesh Index (12, 17)
   Total Material
     Fission Rate                         0 +/- 0
 Mesh Index (13, 17)
   Total Material
     Fission Rate                         0 +/- 0
 Mesh Index (14, 17)
   Total Material
     Fission Rate                         0 +/- 0
 Mesh Index (15, 17)
   Total Material
     Fission Rate                         0 +/- 0
 Mesh Index (16, 17)
   Total Material
     Fission Rate                         0 +/- 0
 Mesh Index (17, 17)
   Total Material
     Fission Rate                         0 +/- 0
